04-04 11:11:19.211  9824 10019 I OneAuthLog: [MSAL:0007]	INFO   	LogTelemetryData:486	Key: authorization_type, Value: CachedRefreshToken
04-04 11:11:19.211  9824 10019 I OneAuthLog: [MSAL:0007]	INFO   	LogTelemetryData:486	Key: storage_read, Value: DAC|DAT|DID
04-04 11:11:19.211  9824 10019 I OneAuthLog: [MSAL:0007]	INFO   	LogTelemetryData:486	Key: stop_time, Value: 2026-04-04T05:41:19.000Z
04-04 11:11:19.211  9824 10019 I OneAuthLog: [MSAL:0007]	INFO   	LogTelemetryData:486	Key: normalized_realm, Value: 9188040d-6c67-4c5b-b112-36a304b66dad
04-04 11:11:19.211  9824 10019 I OneAuthLog: [MSAL:0007]	INFO   	LogTelemetryData:486	Key: additional_query_parameters_count, Value: 0
04-04 11:11:19.211  9824 10019 I OneAuthLog: [MSAL:0007]	INFO   	LogTelemetryData:486	Key: request_duration, Value: 4
04-04 11:11:19.212  9824 10019 I OneAuthLog: [MSAL:0007]	INFO   	LogTelemetryData:486	Key: broker_power_optimization, Value: OptOut
04-04 11:11:19.212  9824 10019 I OneAuthLog: [MSAL:0007]	INFO   	LogTelemetryData:486	Key: was_request_throttled, Value: false
04-04 11:11:19.212  9824 10019 I OneAuthLog: [MSAL:0007]	INFO   	LogTelemetryData:486	Key: is_successful, Value: true
04-04 11:11:19.212  9824 10019 I OneAuthLog: [MSAL:0007]	INFO   	LogTelemetryData:486	Key: auth_flow, Value: AT
04-04 11:11:19.212  9824 10019 I OneAuthLog: [MSAL:0007]	INFO   	LogTelemetryData:486	Key: authority_type, Value: MSA
04-04 11:11:19.212  9824 10019 I OneAuthLog: [MSAL:0007]	INFO   	LogTelemetryData:486	Key: original_authority, Value: https://login.microsoftonline.com/consumers
04-04 11:11:19.212  9824 10019 I OneAuthLog: [MSAL:0007]	INFO   	LogTelemetryData:486	Key: broker_app_used, Value: false
04-04 11:11:19.212  9824 10019 I OneAuthLog: [MSAL:0007]	INFO   	LogTelemetryData:486	Key: api_name, Value: AcquireTokenSilently
04-04 11:11:19.212  9824 10019 I OneAuthLog: [MSAL:0007]	INFO   	LogTelemetryData:486	Key: msal_version, Value: 9.1.0
04-04 11:11:19.213  9824 10019 I OneAuthLog: [MSAL:0007]	INFO   	LogTelemetryData:486	Key: start_time, Value: 2026-04-04T05:41:19.000Z
04-04 11:11:19.213  9824 10019 I OneAuthLog: [MSAL:0007]	INFO   	LogTelemetryData:486	Key: client_id, Value: 8ec4ef98-53cc-4d15-a43b-dc15ea21a974
04-04 11:11:19.213  9824 10019 I OneAuthLog: [MSAL:0007]	INFO   	LogTelemetryData:486	Key: correlation_id, Value: c9a55fb2-9a9b-45a6-8f76-4d686f9123cc
04-04 11:11:19.213  9824 10019 I OneAuthLog: [MSAL:0007]	INFO   	LogTelemetryData:491	Printing Execution Flow:
04-04 11:11:19.213  9824 10019 I OneAuthLog: [MSAL:0007]	INFO   	LogTelemetryData:499	{"t":"4s7uc","tid":6,"ts":0,"l":2},{"t":"4sufd","tid":6,"ts":0,"s":3,"l":2},{"t":"4swgg","tid":6,"ts":0,"s":8,"l":2},{"t":"4swgf","tid":6,"ts":0,"s":1,"l":2},{"t":"4swgi","tid":7,"ts":0,"s":8,"l":2},{"t":"8b2yn","tid":7,"ts":0,"l":2},{"t":"4efdy","tid":7,"ts":0,"l":2},{"t":"4efe1","tid":7,"ts":0,"l":2},{"t":"4efez","tid":7,"ts":0,"l":2},{"t":"4efey","tid":7,"ts":0,"l":2},{"t":"4efew","tid":7,"ts":1,"l":2},{"t":"4efdx","tid":7,"ts":1,"l":2},{"t":"8dqkx","tid":7,"ts":1,"l":2},{"t":"4q2di","tid":7,"ts":1,"l":2},{"t":"4qnng","tid":7,"ts":2,"l":2,"a":2,"ie":0},{"t":"4qnnf","tid":7,"ts":2,"l":2,"a":2,"ie":1},{"t":"8dqit","tid":7,"ts":2,"l":2},{"t":"8b2ht","tid":7,"ts":2,"l":2},{"t":"4qnno","tid":7,"ts":2,"l":2,"a":2,"ie":0},{"t":"4qnnn","tid":7,"ts":4,"l":2,"a":2,"ie":1},{"t":"6xuag","tid":7,"ts":4,"l":2},{"t":"4c10b","tid":7,"ts":4,"l":2},{"t":"4c10a","tid":7,"ts":4,"l":2}
04-04 11:11:19.214  9824 10019 I OneAuthLog: [OneAuth:0007:Info:6qhvn:c9a55fb2] Start DetermineFederationProvider
04-04 11:11:19.214  9824 10019 I OneAuthLog: [OneAuth:0007:Info:5nhsm:c9a55fb2] Hrd Parameters found in internal cache for domain = '(pii)', Authority Host = login.microsoftonline.com
04-04 11:11:19.215  9824 10019 I OneAuthLog: [OneAuth:0007:Info:6b224:c9a55fb2] MSAL execution flow: {"de":0,"ef":[{"t":"4s7uc","tid":6,"ts":0,"l":2},{"t":"4sufd","tid":6,"ts":0,"s":3,"l":2},{"t":"4swgg","tid":6,"ts":0,"s":8,"l":2},{"t":"4swgf","tid":6,"ts":0,"s":1,"l":2},{"t":"4swgi","tid":7,"ts":0,"s":8,"l":2},{"t":"8b2yn","tid":7,"ts":0,"l":2},{"t":"4efdy","tid":7,"ts":0,"l":2},{"t":"4efe1","tid":7,"ts":0,"l":2},{"t":"4efez","tid":7,"ts":0,"l":2},{"t":"4efey","tid":7,"ts":0,"l":2},{"t":"4efew","tid":7,"ts":1,"l":2},{"t":"4efdx","tid":7,"ts":1,"l":2},{"t":"8dqkx","tid":7,"ts":1,"l":2},{"t":"4q2di","tid":7,"ts":1,"l":2},{"t":"4qnng","tid":7,"ts":2,"l":2,"a":2,"ie":0},{"t":"4qnnf","tid":7,"ts":2,"l":2,"a":2,"ie":1},{"t":"8dqit","tid":7,"ts":2,"l":2},{"t":"8b2ht","tid":7,"ts":2,"l":2},{"t":"4qnno","tid":7,"ts":2,"l":2,"a":2,"ie":0},{"t":"4qnnn","tid":7,"ts":4,"l":2,"a":2,"ie":1},{"t":"6xuag","tid":7,"ts":4,"l":2},{"t":"4c10b","tid":7,"ts":4,"l":2},{"t":"4c10a","tid":7,"ts":4,"l":2}],"t":[]}
04-04 11:11:19.215  9824 10019 I OneAuthLog: [OneAuth:0007:Info:9zkad:c9a55fb2] Finish task AcquireCredentialSilently [7]
04-04 11:11:19.240  9273  9505 E msys    : E[N MQTT]readErr(151)=>TCPStreamTransport readErr
04-04 11:11:19.240  9273  9505 E msys    : E[N MQTT]onReadError(657)=>Read Error: AsyncSocketException: recv() failed (peer=[2a03:2880:f09e:f:face:b00c:0:8e]:443), type = Internal error, errno = 103 (Software caused connection abort)
04-04 11:11:19.243  9273  9407 W RealtimeClientManager: Channel state: MqttChannelState{mConnectionState=DISCONNECTED, mDisconnectionReason=null, mLastConnectionMs=165089135, mLastDisconnectMs=165111271}
04-04 11:11:19.249  9273  9407 W RealtimeClientManager: Channel state: MqttChannelState{mConnectionState=CONNECTING, mDisconnectionReason=null, mLastConnectionMs=165089135, mLastDisconnectMs=165111271}
04-04 11:11:19.276  9273  9407 W RealtimeClientManager: Channel state: MqttChannelState{mConnectionState=CONNECTED, mDisconnectionReason=null, mLastConnectionMs=165089135, mLastDisconnectMs=165111271}
04-04 11:11:19.496  9273  9407 W RealtimeClientManager: Channel state: MqttChannelState{mConnectionState=CONNECTED_AND_ACKED, mDisconnectionReason=null, mLastConnectionMs=165111524, mLastDisconnectMs=165111271}
04-04 11:11:20.047  9824  9932 D SQLiteQueryBuilder: SELECT * FROM logs WHERE (persistence_group = ?) ORDER BY priority DESC, oid
04-04 11:11:20.053  9824  9932 D SQLiteQueryBuilder: SELECT * FROM logs WHERE (persistence_group = ?) ORDER BY priority DESC, oid
04-04 11:11:20.055  9824  9932 D SQLiteQueryBuilder: SELECT * FROM logs WHERE (persistence_group = ?) ORDER BY priority DESC, oid
04-04 11:11:20.130 10186 10186 I .android.chrome: Using CollectorTypeCC GC.
04-04 11:11:20.142 10186 10186 E .android.chrome: BBinder_init Processname  com.android.chrome  
04-04 11:11:20.142 10186 10186 E .android.chrome: BBinder_init hasGetProcessName  com.android.chrome
04-04 11:11:20.147 10187 10187 E cebook.services: BBinder_init Processname  com.facebook.services  
04-04 11:11:20.147 10187 10187 E cebook.services: BBinder_init hasGetProcessName  com.facebook.services
04-04 11:11:20.183 10186 10186 W .android.chrome: Failed to find entry 'classes.dex': Entry not found
04-04 11:11:20.191 10186 10186 I .android.chrome: AssetManager2(0xb400007339dcfaf8) locale list changing from [] to [en-US]
04-04 11:11:20.192 10186 10186 W Bundle  : Key enable expected ArrayList<java.lang.String> but value was of a different type.  The default value <null> was returned.
04-04 11:11:20.192 10186 10186 W Bundle  : Attempt to cast generated internal exception:
04-04 11:11:20.192 10186 10186 W Bundle  : java.lang.ClassCastException: Cannot cast java.lang.Boolean to java.util.ArrayList
04-04 11:11:20.192 10186 10186 W Bundle  : 	at java.lang.Class.cast(Class.java:4178)
04-04 11:11:20.192 10186 10186 W Bundle  : 	at android.os.BaseBundle.getValueAt(BaseBundle.java:439)
04-04 11:11:20.192 10186 10186 W Bundle  : 	at android.os.BaseBundle.getValue(BaseBundle.java:401)
04-04 11:11:20.192 10186 10186 W Bundle  : 	at android.os.BaseBundle.getArrayList(BaseBundle.java:1569)
04-04 11:11:20.192 10186 10186 W Bundle  : 	at android.os.BaseBundle.getStringArrayList(BaseBundle.java:1599)
04-04 11:11:20.192 10186 10186 W Bundle  : 	at android.os.Bundle.getStringArrayList(Bundle.java:1385)
04-04 11:11:20.192 10186 10186 W Bundle  : 	at com.vivo.vspa.VspaManager.parseBundles(VspaManager.java:201)
04-04 11:11:20.192 10186 10186 W Bundle  : 	at com.vivo.vspa.VspaManager.initialize(VspaManager.java:105)
04-04 11:11:20.192 10186 10186 W Bundle  : 	at android.app.VivoActivityThreadImpl.initialize(VivoActivityThreadImpl.java:142)
04-04 11:11:20.192 10186 10186 W Bundle  : 	at android.app.ActivityThread.handleBindApplication(ActivityThread.java:8835)
04-04 11:11:20.192 10186 10186 W Bundle  : 	at android.app.ActivityThread.-$$Nest$mhandleBindApplication(Unknown Source:0)
04-04 11:11:20.192 10186 10186 W Bundle  : 	at android.app.ActivityThread$H.handleMessage(ActivityThread.java:3062)
04-04 11:11:20.192 10186 10186 W Bundle  : 	at android.os.Handler.dispatchMessage(Handler.java:114)
04-04 11:11:20.192 10186 10186 W Bundle  : 	at android.os.Looper.loopOnce(Looper.java:266)
04-04 11:11:20.192 10186 10186 W Bundle  : 	at android.os.Looper.loop(Looper.java:361)
04-04 11:11:20.192 10186 10186 W Bundle  : 	at android.app.ActivityThread.main(ActivityThread.java:10381)
04-04 11:11:20.192 10186 10186 W Bundle  : 	at java.lang.reflect.Method.invoke(Native Method)
04-04 11:11:20.192 10186 10186 W Bundle  : 	at com.android.internal.os.RuntimeInit$MethodAndArgsCaller.run(RuntimeInit.java:675)
04-04 11:11:20.192 10186 10186 W Bundle  : 	at com.android.internal.os.ZygoteInit.main(ZygoteInit.java:1002)
04-04 11:11:20.197 10187 10187 I cebook.services: AssetManager2(0xb400007339dc5238) locale list changing from [] to [en-US]
04-04 11:11:20.199 10187 10187 W Bundle  : Key enable expected ArrayList<java.lang.String> but value was of a different type.  The default value <null> was returned.
04-04 11:11:20.199 10187 10187 W Bundle  : Attempt to cast generated internal exception:
04-04 11:11:20.199 10187 10187 W Bundle  : java.lang.ClassCastException: Cannot cast java.lang.Boolean to java.util.ArrayList
04-04 11:11:20.199 10187 10187 W Bundle  : 	at java.lang.Class.cast(Class.java:4178)
04-04 11:11:20.199 10187 10187 W Bundle  : 	at android.os.BaseBundle.getValueAt(BaseBundle.java:439)
04-04 11:11:20.199 10187 10187 W Bundle  : 	at android.os.BaseBundle.getValue(BaseBundle.java:401)
04-04 11:11:20.199 10187 10187 W Bundle  : 	at android.os.BaseBundle.getArrayList(BaseBundle.java:1569)
04-04 11:11:20.199 10187 10187 W Bundle  : 	at android.os.BaseBundle.getStringArrayList(BaseBundle.java:1599)
04-04 11:11:20.199 10187 10187 W Bundle  : 	at android.os.Bundle.getStringArrayList(Bundle.java:1385)
04-04 11:11:20.199 10187 10187 W Bundle  : 	at com.vivo.vspa.VspaManager.parseBundles(VspaManager.java:201)
04-04 11:11:20.199 10187 10187 W Bundle  : 	at com.vivo.vspa.VspaManager.initialize(VspaManager.java:105)
04-04 11:11:20.199 10187 10187 W Bundle  : 	at android.app.VivoActivityThreadImpl.initialize(VivoActivityThreadImpl.java:142)
04-04 11:11:20.199 10187 10187 W Bundle  : 	at android.app.ActivityThread.handleBindApplication(ActivityThread.java:8835)
04-04 11:11:20.199 10187 10187 W Bundle  : 	at android.app.ActivityThread.-$$Nest$mhandleBindApplication(Unknown Source:0)
04-04 11:11:20.199 10187 10187 W Bundle  : 	at android.app.ActivityThread$H.handleMessage(ActivityThread.java:3062)
04-04 11:11:20.199 10187 10187 W Bundle  : 	at android.os.Handler.dispatchMessage(Handler.java:114)
04-04 11:11:20.199 10187 10187 W Bundle  : 	at android.os.Looper.loopOnce(Looper.java:266)
04-04 11:11:20.199 10187 10187 W Bundle  : 	at android.os.Looper.loop(Looper.java:361)
04-04 11:11:20.199 10187 10187 W Bundle  : 	at android.app.ActivityThread.main(ActivityThread.java:10381)
04-04 11:11:20.199 10187 10187 W Bundle  : 	at java.lang.reflect.Method.invoke(Native Method)
04-04 11:11:20.199 10187 10187 W Bundle  : 	at com.android.internal.os.RuntimeInit$MethodAndArgsCaller.run(RuntimeInit.java:675)
04-04 11:11:20.199 10187 10187 W Bundle  : 	at com.android.internal.os.ZygoteInit.main(ZygoteInit.java:1002)
04-04 11:11:20.201 10186 10186 I LoadedApk: No resource references to update in package com.google.android.trichromelibrary
04-04 11:11:20.202 10186 10186 I cr_SplitCompatApp: version=146.0.7680.177 (768017733) minSdkVersion=29 processName=com.android.chrome isIsolatedProcess=false splits=chrome,config.en,dev_ui,on_demand,stack_unwinder,test_dummy
04-04 11:11:20.222 10187 10187 W SoLoader: Initializing SoLoader: 0
04-04 11:11:20.223 10187 10187 W SoLoader: context.getApplicationContext returned null, holding reference to original context.ApplicationSoSource fallbacks to: /data/app/~~wiST42HAwzKRlYzpKAYNdA==/com.facebook.services-oSm0StS5TZEphipRxJYqXg==/lib/arm64
04-04 11:11:20.223 10187 10187 I SoLoader: Recording new base apk path: /data/app/~~wiST42HAwzKRlYzpKAYNdA==/com.facebook.services-oSm0StS5TZEphipRxJYqXg==/base.apk
04-04 11:11:20.223 10187 10187 I SoLoader: Previously recorded 0 base apk paths.
04-04 11:11:20.223 10187 10187 I SoLoader: Preparing SO source: DirectorySoSource[root = /vendor/lib64 flags = 2]
04-04 11:11:20.223 10187 10187 I SoLoader: Preparing SO source: DirectorySoSource[root = /system/lib64 flags = 2]
04-04 11:11:20.224 10187 10187 I SoLoader: Preparing SO source: ApplicationSoSource[DirectorySoSource[root = /data/app/~~wiST42HAwzKRlYzpKAYNdA==/com.facebook.services-oSm0StS5TZEphipRxJYqXg==/lib/arm64 flags = 1]]
04-04 11:11:20.224 10187 10187 I SoLoader: Preparing SO source: BackupSoSource[root = /data/data/com.facebook.services/lib-main flags = 1 apks = [ExtractFromZipSoSource[/data/app/~~wiST42HAwzKRlYzpKAYNdA==/com.facebook.services-oSm0StS5TZEphipRxJYqXg==/base.apk]]]
04-04 11:11:20.224 10187 10187 W SoLoader: SoLoader initialized: 0
04-04 11:11:20.229 10186 10222 I .android.chrome: AssetManager2(0xb400007339dca698) locale list changing from [] to [en-US]
04-04 11:11:20.238 10186 10226 I cr_LibraryLoader: Loading monochrome_64 from within /data/app/~~BuDyzZuzLYRCWp-gDdK93Q==/com.android.chrome-ataWizO0X0siha8i9o8mFw==/base.apk
04-04 11:11:20.247  7559  7571 I eesk    : (REDACTED) appOpsListener %s %s
04-04 11:11:20.247  7559  7571 I eesk    : (REDACTED) Ignoring irrelevant audio permission changes for package %s
04-04 11:11:20.261 10186 10226 I cr_Linker: loadLibraryImplLocked: monochrome_64, relroMode=1
04-04 11:11:20.303 10186 10226 I cr_LibraryLoader: Successfully loaded native library
04-04 11:11:20.308 10186 10226 I cr_CachingUmaRecorder: Flushed 14 samples from 13 histograms, 0 samples were dropped.
04-04 11:11:20.336 10187 10248 E ashmem  : Pinning is deprecated since Android Q. Please use trim or other methods.
04-04 11:11:20.401 10187 10187 W SoLoader: Loading notifgateway-jni on the main thread
04-04 11:11:20.402 10187 10187 W SoLoader[NativeDeps]: Falling back to custom ELF parsing when loading libnotifgateway.so, this can be slow
04-04 11:11:20.407 10187 10187 W SoLoader[NativeDeps]: Falling back to custom ELF parsing when loading libc++_shared.so, this can be slow
04-04 11:11:20.422 10187 10187 W SoLoader: Loading simplejni on the main thread
04-04 11:11:20.422 10187 10187 W SoLoader: Loading simplejni on the main thread
04-04 11:11:20.439 10187 10187 W DGW     : W[reportSoftError:36] pingInterval: value 43200000 outside valid range [5000, 600000]
04-04 11:11:20.439 10187 10187 W DGW     : W[reportSoftError:36] bgPingInterval: value 43200000ms outside valid range [5000ms, 600000ms]
04-04 11:11:20.439 10187 10187 W DGW     : W[reportSoftError:36] stopBgPingDelay: value 3155695200s outside valid range [0s, 600s]
04-04 11:11:20.441 10187 10187 I DGW     : I[startConnection:461] ConnectivityManager start connection.
04-04 11:11:20.444 10187 10267 I DGW     : I[sendRequest:85] StreamGroupConnectivityAwareNetworkLayer[notifgateway] buffering request with connection state: 0
04-04 11:11:20.597 10187 10267 I DGW     : I[onStateChanged:170] StreamGroupConnectivityAwareNetworkLayer processing buffered requests
04-04 11:11:20.597 10187 10267 I DGW     : I[sendRequest:109] StreamGroupMNSNetworkLayer[notifgateway] DGW Connecting to https://z-m-gateway.facebook.com/notifgateway
04-04 11:11:20.702 10187 10187 E fbservices-stub:FbnsServiceDelegateV2: onBind invalid signature: Intent { act=com.facebook.push.fbns.ipc.IFbnsAIDLService xflg=0x4 cmp=com.facebook.services/com.facebook.oxygen.services.fbns.PreloadedFbnsService (has extras) }
04-04 11:11:20.847 10187 10267 W DGW     : W[onSuccessfulResponse:828] StreamGroupTransport[notifgateway] on successful response. DGW is now connected.
04-04 11:11:23.195 26861 27124 W Settings: Setting airplane_mode_on has moved from android.provider.Settings.System to android.provider.Settings.Global, returning read-only value.
04-04 11:11:23.196 26861 27124 W Settings: Setting airplane_mode_on has moved from android.provider.Settings.System to android.provider.Settings.Global, returning read-only value.
04-04 11:11:23.198 26861  9749 W SystemServiceRegistry: No service published for: wifirtt
04-04 11:11:23.284 26861 27124 I ActivityScheduler: nextTriggerTime: 165175312, in 60000ms, detectorType: 39, FULL_TYPE alarmWindowMillis: 7500
04-04 11:11:24.295 17469 17469 W libc    : Access denied finding property "vendor.display.enable_optimal_refresh_rate"
04-04 11:11:24.296 17469 17469 W libc    : Access denied finding property "vendor.display.enable_optimal_refresh_rate"
04-04 11:11:24.297 17469  6468 W BLASTBufferQueue: Unable to open /proc/vivo_rsc/frame_set_priority: No such file or directory
04-04 11:11:24.298 17469  6468 I BLASTBufferQueue: QoSAllocBuff Successful. Ret 0 
04-04 11:11:24.305 17469 17469 I btyz    : onStart
04-04 11:11:24.306 17469 17469 I brvv    : (REDACTED) [%s] onStart()
04-04 11:11:24.306 17469 17469 I brya    : Reloading theme data
04-04 11:11:24.307 17469 17469 I btyz    : onResume
04-04 11:11:24.382 17469 17469 I btsv    : (REDACTED) onApplyWindowInsets: systemWindowInsets=%s
04-04 11:11:24.382 17469 17469 I btsv    : (REDACTED) onApplyWindowInsets: systemWindowInsets=%s
04-04 11:11:24.417 26861 27137 I WifiScanner: onFullResults
04-04 11:11:24.417 26861 16586 I WifiScanner: onFullResults
04-04 11:11:24.418  8622  9735 I WifiScanner: onFullResults
04-04 11:11:24.445 26861  9749 I FrewleTileCacheManagerV: (REDACTED) Fetched %d AP models from cache
04-04 11:11:24.535 26861 27127 I FusedLocation: (REDACTED) location delivery to %s blocked - too close
04-04 11:11:24.535 26861 27124 I ActivityScheduler: nextTriggerTime: 165175312, in 58749ms, detectorType: 39, FULL_TYPE alarmWindowMillis: 7500
04-04 11:11:24.538 26861 27127 I FusedLocation: (REDACTED) location delivery to %s blocked - too close
04-04 11:11:24.551 26861 27127 I FusedLocation: (REDACTED) location delivery to %s blocked - too fast
04-04 11:11:24.554 26861 27127 I FusedLocation: (REDACTED) location delivery to %s blocked - too close
04-04 11:11:24.704 26708 32692 I AdvertisingIdClient: shouldSendLog 164278787
04-04 11:11:24.705 26708 32692 I AdvertisingIdClient: GetInfoInternal elapse 5ms
04-04 11:11:24.770 30498 30498 W WindowOnBackDispatcher: sendCancelIfRunning: isInProgress=false callback=android.view.ViewRootImpl$$ExternalSyntheticLambda13@4955f50
04-04 11:11:24.793 30498 31711 I HWUI    : [destroy] CanvasContext will be destroyed.
04-04 11:11:24.809 30498 30498 W WindowOnBackDispatcher: sendCancelIfRunning: isInProgress=false callback=android.view.ViewRootImpl$$ExternalSyntheticLambda13@d8097bd
04-04 11:11:24.817 30498 31711 I HWUI    : [destroy] CanvasContext will be destroyed.
04-04 11:11:25.058 17469 17469 I btsv    : (REDACTED) onApplyWindowInsets: systemWindowInsets=%s
04-04 11:11:25.059 17469 17469 I btsv    : (REDACTED) onApplyWindowInsets: systemWindowInsets=%s
04-04 11:11:25.059 26861  9605 I TFLite-in-PlayServices: Created interpreter.
04-04 11:11:25.079  7621  7621 I GoogleInputMethodService: GoogleInputMethodService.onFinishInput():2159 
04-04 11:11:25.081  7621  7621 I Module  : DeviceLockedStatusModuleProvider$Module.updateDeviceLockedStatus():103 repeatCheckTimes = 0, locked = false
04-04 11:11:25.081  7621  7621 I GoogleInputMethodService: GoogleInputMethodService.onStartInput():1434 onStartInput(EditorInfo{EditorInfo{packageName=com.android.launcher3, inputType=0, inputTypeString=NULL, enableLearning=false, autoCorrection=false, autoComplete=false, imeOptions=0, privateImeOptions=null, actionName=UNSPECIFIED, actionLabel=null, initialSelStart=-1, initialSelEnd=-1, initialCapsMode=0, label=null, fieldId=0, fieldName=null, extras=null, hintText=null, hintLocales=[]}}, false)
04-04 11:11:25.082  7621  7621 W AndroidIME: LatinIMEBase.updateInputViewCoverNavigation():317 Null input view, cannot update padding!
04-04 11:11:25.082  7621  7621 I Module  : DeviceLockedStatusModuleProvider$Module.updateDeviceLockedStatus():103 repeatCheckTimes = 1, locked = false
04-04 11:11:25.135  9980  6051 W adservices: Skip logging because Cobalt logger is null
04-04 11:11:25.135  9980  6052 W adservices: Skip logging because Cobalt is disabled.
04-04 11:11:25.164  9980  6051 W adservices: Skip logging because Cobalt is disabled.
04-04 11:11:25.164  9980  6052 W adservices: Skip logging because Cobalt logger is null
04-04 11:11:25.181 26861  9605 I TFLite-in-PlayServices: Created interpreter.
04-04 11:11:25.201 26861  9605 I SemanticLocation: (REDACTED) [Inferrer] %s%s
